// Jest Snapshot v1, https://goo.gl/fbAQLP

exports[`renders correctly 1`] = `
<div
  className="App"
>
  <header
    className="App-header"
  >
    <h1
      className="title"
    >
      Random Cat Fact Generator
    </h1>
  </header>
  <div
    className="container"
  >
    <div
      className="container--cat-with-count"
    >
      <img
        alt="a cat raising its paw up"
        className="cat-image"
        src="cat.png"
      />
      <div
        className="count"
        data-testid="count"
      >
        <p
          className="count-text"
        >
          0
        </p>
        <p
          className="count-label"
        >
          Number of cat facts refreshed in this session
        </p>
      </div>
    </div>
    <p
      data-testid="loading"
    >
      <span
        style={
          Object {
            "display": "inherit",
          }
        }
      >
        <span
          style={
            Object {
              "animation": "react-spinners-BeatLoader-beat 0.7s 0s infinite linear",
              "animationFillMode": "both",
              "backgroundColor": "#000000",
              "borderRadius": "100%",
              "display": "inline-block",
              "height": "20px",
              "margin": "2px",
              "width": "20px",
            }
          }
        />
        <span
          style={
            Object {
              "animation": "react-spinners-BeatLoader-beat 0.7s 0.35s infinite linear",
              "animationFillMode": "both",
              "backgroundColor": "#000000",
              "borderRadius": "100%",
              "display": "inline-block",
              "height": "20px",
              "margin": "2px",
              "width": "20px",
            }
          }
        />
        <span
          style={
            Object {
              "animation": "react-spinners-BeatLoader-beat 0.7s 0s infinite linear",
              "animationFillMode": "both",
              "backgroundColor": "#000000",
              "borderRadius": "100%",
              "display": "inline-block",
              "height": "20px",
              "margin": "2px",
              "width": "20px",
            }
          }
        />
      </span>
    </p>
  </div>
  <div
    className="container"
  >
    <div
      className="button"
      onClick={[Function]}
    >
      New cat fact
    </div>
  </div>
</div>
`;
