// Jest Snapshot v1, https://goo.gl/fbAQLP

exports[`<HomePage /> renders correctly 1`] = `
<div
  className="App"
>
  <header
    className="App-header"
  >
    <h1
      className="title"
    >
      Random Cat Fact Generator
    </h1>
    <div
      className="container"
    >
      <img
        alt="a cat raising its paw up"
        className="cat-image"
        src="cat.png"
      />
      <div
        className="card"
        data-testid="card"
      >
        <p>
          Random cat fact
        </p>
      </div>
    </div>
    <div
      className="button"
    >
      refresh
    </div>
  </header>
</div>
`;
