// Jest Snapshot v1, https://goo.gl/fbAQLP

exports[`<HomePage /> and components rendering correctly renders correctly 1`] = `
<div
  className="App"
>
  <header
    className="App-header"
  >
    <h1
      className="title"
    >
      Random Cat Fact Generator
    </h1>
  </header>
  <div
    className="container"
  >
    <div
      className="container--cat-with-count"
    >
      <img
        alt="a cat raising its paw up"
        className="cat-image"
        src="cat.png"
      />
      <div
        className="count"
      >
        <p
          className="count-text"
          data-testid="count"
        />
        <p
          className="count-label"
        >
          Number of cat facts refreshed in this session
        </p>
      </div>
    </div>
    <div
      className="card"
      data-testid="card"
    >
      <p>
        Random cat fact
      </p>
    </div>
  </div>
  <div
    className="container"
  >
    <div
      className="button"
    >
      New cat fact
    </div>
  </div>
</div>
`;
